npm ERR! Missing script: "test"
npm ERR! 
npm ERR! To see a list of scripts, run:
npm ERR!   npm run

npm ERR! A complete log of this run can be found in:
npm ERR!     /home/fcanaveral/.npm/_logs/2022-10-14T21_22_32_004Z-debug-0.log
